[backblue.gif]
[fade.gif]
[index.html]
[caportal.saginfotech.com/caportal/ca-template-1/js/jquery.min.js]
[caportal.saginfotech.com/caportal/ca-template-1/js/bootstrap.min.js]
[caportal.saginfotech.com/caportal/ca-template-1/images/logo.png]
[caportal.saginfotech.com/caportal/ca-template-1/images/time.png]
[caportal.saginfotech.com/caportal/ca-template-1/images/banner1.jpg]
[caportal.saginfotech.com/caportal/ca-template-1/images/banner2.jpg]
[caportal.saginfotech.com/caportal/ca-template-1/images/banner3.jpg]
[caportal.saginfotech.com/caportal/ca-template-1/images/banner4.jpg]
[caportal.saginfotech.com/caportal/ca-template-1/images/banner5.jpg]
[caportal.saginfotech.com/caportal/ca-template-1/images/audit.png]
[caportal.saginfotech.com/caportal/ca-template-1/images/business-solutions.png]
[caportal.saginfotech.com/caportal/ca-template-1/images/corporate-law.png]
[caportal.saginfotech.com/caportal/ca-template-1/images/direct-tax.png]
[caportal.saginfotech.com/caportal/ca-template-1/images/indirect-tax.png]
[caportal.saginfotech.com/caportal/ca-template-1/index.html]
[caportal.saginfotech.com/caportal/ca-template-1/images/favicon.html]
[caportal.saginfotech.com/caportal/ca-template-1/fonts/fontawesome-webfont5b62.eot]
[caportal.saginfotech.com/caportal/ca-template-1/fonts/fontawesome-webfontd41d.eot]
[caportal.saginfotech.com/caportal/ca-template-1/fonts/fontawesome-webfont5b62.woff2]
[caportal.saginfotech.com/caportal/ca-template-1/fonts/fontawesome-webfont5b62.woff]
[caportal.saginfotech.com/caportal/ca-template-1/fonts/fontawesome-webfont5b62.ttf]
[caportal.saginfotech.com/caportal/ca-template-1/css/font-awesome.min.css]
[caportal.saginfotech.com/caportal/ca-template-1/fonts/glyphicons-halflings-regular.eot]
[caportal.saginfotech.com/caportal/ca-template-1/fonts/glyphicons-halflings-regulard41d.eot]
[caportal.saginfotech.com/caportal/ca-template-1/fonts/glyphicons-halflings-regular.woff2]
[caportal.saginfotech.com/caportal/ca-template-1/fonts/glyphicons-halflings-regular.woff]
[caportal.saginfotech.com/caportal/ca-template-1/fonts/glyphicons-halflings-regular.ttf]
[caportal.saginfotech.com/caportal/ca-template-1/css/bootstrap.min.css]
[caportal.saginfotech.com/caportal/ca-template-1/fonts/GOTHIC.woff]
[caportal.saginfotech.com/caportal/ca-template-1/fonts/GOTHIC.ttf]
[caportal.saginfotech.com/caportal/ca-template-1/images/news-bg.jpg]
[caportal.saginfotech.com/caportal/ca-template-1/css/style.css]
[caportal.saginfotech.com/caportal/ca-template-1/GSTRegistration.html]
[caportal.saginfotech.com/caportal/ca-template-1/fonts/fontawesome-webfont5b62.svg]
[caportal.saginfotech.com/caportal/ca-template-1/fonts/glyphicons-halflings-regular.svg]
[caportal.saginfotech.com/caportal/ca-template-1/css/fonts/GOTHIC.html]
[caportal.saginfotech.com/caportal/ca-template-1/fonts/GOTHIC.svg]
[caportal.saginfotech.com/caportal/ca-template-1/images/bg-full.html]
